// Jest Snapshot v1, https://goo.gl/fbAQLP

exports[`Test on TodoApp component should show the componet correctly 1`] = `
<div>
  <h1>
    To Do App: 
    0
  </h1>
  <div
    className="row"
  >
    <div
      className="col-5"
    >
      <TodoList
        handleDelete={[Function]}
        handleToggle={[Function]}
        todos={Array []}
      />
    </div>
    <div
      className="col-5"
    >
      <TodoAdd
        handleAdd={[Function]}
      />
    </div>
  </div>
</div>
`;
