// Jest Snapshot v1, https://goo.gl/fbAQLP

exports[`Test on HomeScreen componet should show correctry 1`] = `
<div>
  <h1>
    Log in
  </h1>
  <hr />
  <pre>
    {
   "name": "Jhon Doe",
   "email": "example@fff.com"
}
  </pre>
</div>
`;
