// Jest Snapshot v1, https://goo.gl/fbAQLP

exports[`Test on LoginScreen should show correctly 1`] = `
<div>
  <h1>
    Log in
  </h1>
  <hr />
  <button
    className="btn btn-warning"
    onClick={[Function]}
  >
    Log in
  </button>
</div>
`;
