// Jest Snapshot v1, https://goo.gl/fbAQLP

exports[`SearchScreen should show the default values 1`] = `
<div>
  <div>
    <div
      class="w-full border-b border-gray-300 mb-5 pb-5"
    >
      <h1
        class="text-2xl	text-slate-600"
      >
        Search
      </h1>
    </div>
    <div>
      <h2
        class="text-l text-slate-600 mb-3"
      >
        Search a hero
      </h2>
      <form
        aria-label="search-form"
        class="flex flex-col md:flex-row"
      >
        <input
          autocomplete="off"
          class=" h-10 focus:ring-2 focus:ring-blue-500 focus:outline-none appearance-none w-full text-sm leading-6 text-slate-900 placeholder-slate-400 rounded-md py-2 pl-10 ring-1 ring-slate-200 shadow-sm md:w-1/3 md:my-5"
          name="heroText"
          placeholder="Search...."
          type="text"
          value=""
        />
        <button
          class="h-10 px-6 w-full font-semibold rounded-md bg-black my-5 text-white md:w-1/3 md:ml-5"
          type="submit"
        >
          Submit
        </button>
      </form>
    </div>
    <div
      class="mt-5"
    >
      <div
        class="w-full border-b border-gray-300 mb-5 pb-5"
      >
        <h2
          class="text-l	text-slate-600"
        >
          Results
        </h2>
      </div>
      <ul
        class="mt-6 flex flex-wrap justify-around"
      >
        <div>
          Start a new search
        </div>
      </ul>
    </div>
  </div>
</div>
`;
